Classic Timing Analyzer report for project
Thu Dec 22 21:12:26 2022
Quartus II Version 8.1 Build 163 10/28/2008 SJ Web Edition


---------------------
; Table of Contents ;
---------------------
  1. Legal Notice
  2. Timing Analyzer Summary
  3. Timing Analyzer Settings
  4. Clock Settings Summary
  5. tsu
  6. tco
  7. tpd
  8. th
  9. Timing Analyzer Messages



----------------
; Legal Notice ;
----------------
Copyright (C) 1991-2008 Altera Corporation
Your use of Altera Corporation's design tools, logic functions 
and other software and tools, and its AMPP partner logic 
functions, and any output files from any of the foregoing 
(including device programming or simulation files), and any 
associated documentation or information are expressly subject 
to the terms and conditions of the Altera Program License 
Subscription Agreement, Altera MegaCore Function License 
Agreement, or other applicable license agreement, including, 
without limitation, that your use is for the sole purpose of 
programming logic devices manufactured by Altera and sold by 
Altera or its authorized distributors.  Please refer to the 
applicable agreement for further details.



+-----------------------------------------------------------------------------------------------------------------------------------+
; Timing Analyzer Summary                                                                                                           ;
+------------------------------+-------+---------------+-------------+-----------+-----------+------------+----------+--------------+
; Type                         ; Slack ; Required Time ; Actual Time ; From      ; To        ; From Clock ; To Clock ; Failed Paths ;
+------------------------------+-------+---------------+-------------+-----------+-----------+------------+----------+--------------+
; Worst-case tsu               ; N/A   ; None          ; 10.900 ns   ; A[2]      ; result[4] ; --         ; Code[2]  ; 0            ;
; Worst-case tco               ; N/A   ; None          ; 11.300 ns   ; result[4] ; Zero      ; Code[1]    ; --       ; 0            ;
; Worst-case tpd               ; N/A   ; None          ; 20.900 ns   ; A[2]      ; Zero      ; --         ; --       ; 0            ;
; Worst-case th                ; N/A   ; None          ; -0.200 ns   ; Code[0]   ; result[4] ; --         ; Code[1]  ; 0            ;
; Total number of failed paths ;       ;               ;             ;           ;           ;            ;          ; 0            ;
+------------------------------+-------+---------------+-------------+-----------+-----------+------------+----------+--------------+


+--------------------------------------------------------------------------------------------------------------------+
; Timing Analyzer Settings                                                                                           ;
+---------------------------------------------------------------------+--------------------+------+----+-------------+
; Option                                                              ; Setting            ; From ; To ; Entity Name ;
+---------------------------------------------------------------------+--------------------+------+----+-------------+
; Device Name                                                         ; EPF10K30ETC144-1   ;      ;    ;             ;
; Timing Models                                                       ; Final              ;      ;    ;             ;
; Default hold multicycle                                             ; Same as Multicycle ;      ;    ;             ;
; Cut paths between unrelated clock domains                           ; On                 ;      ;    ;             ;
; Cut off read during write signal paths                              ; On                 ;      ;    ;             ;
; Cut off feedback from I/O pins                                      ; On                 ;      ;    ;             ;
; Report Combined Fast/Slow Timing                                    ; Off                ;      ;    ;             ;
; Ignore Clock Settings                                               ; Off                ;      ;    ;             ;
; Analyze latches as synchronous elements                             ; On                 ;      ;    ;             ;
; Enable Recovery/Removal analysis                                    ; Off                ;      ;    ;             ;
; Enable Clock Latency                                                ; Off                ;      ;    ;             ;
; Use TimeQuest Timing Analyzer                                       ; Off                ;      ;    ;             ;
; Number of source nodes to report per destination node               ; 10                 ;      ;    ;             ;
; Number of destination nodes to report                               ; 10                 ;      ;    ;             ;
; Number of paths to report                                           ; 200                ;      ;    ;             ;
; Report Minimum Timing Checks                                        ; Off                ;      ;    ;             ;
; Use Fast Timing Models                                              ; Off                ;      ;    ;             ;
; Report IO Paths Separately                                          ; Off                ;      ;    ;             ;
; Perform Multicorner Analysis                                        ; Off                ;      ;    ;             ;
; Reports the worst-case path for each clock domain and analysis      ; Off                ;      ;    ;             ;
; Removes common clock path pessimism (CCPP) during slack computation ; Off                ;      ;    ;             ;
; Output I/O Timing Endpoint                                          ; Near End           ;      ;    ;             ;
+---------------------------------------------------------------------+--------------------+------+----+-------------+


+------------------------------------------------------------------------------------------------------------------------------------------------------------------------------------+
; Clock Settings Summary                                                                                                                                                             ;
+-----------------+--------------------+----------+------------------+---------------+--------------+----------+-----------------------+---------------------+--------+--------------+
; Clock Node Name ; Clock Setting Name ; Type     ; Fmax Requirement ; Early Latency ; Late Latency ; Based on ; Multiply Base Fmax by ; Divide Base Fmax by ; Offset ; Phase offset ;
+-----------------+--------------------+----------+------------------+---------------+--------------+----------+-----------------------+---------------------+--------+--------------+
; Code[2]         ;                    ; User Pin ; None             ; 0.000 ns      ; 0.000 ns     ; --       ; N/A                   ; N/A                 ; N/A    ;              ;
; Code[0]         ;                    ; User Pin ; None             ; 0.000 ns      ; 0.000 ns     ; --       ; N/A                   ; N/A                 ; N/A    ;              ;
; Code[1]         ;                    ; User Pin ; None             ; 0.000 ns      ; 0.000 ns     ; --       ; N/A                   ; N/A                 ; N/A    ;              ;
+-----------------+--------------------+----------+------------------+---------------+--------------+----------+-----------------------+---------------------+--------+--------------+


+--------------------------------------------------------------------+
; tsu                                                                ;
+-------+--------------+------------+---------+-----------+----------+
; Slack ; Required tsu ; Actual tsu ; From    ; To        ; To Clock ;
+-------+--------------+------------+---------+-----------+----------+
; N/A   ; None         ; 10.900 ns  ; A[2]    ; result[4] ; Code[2]  ;
; N/A   ; None         ; 10.700 ns  ; A[2]    ; result[4] ; Code[0]  ;
; N/A   ; None         ; 10.700 ns  ; A[2]    ; result[4] ; Code[1]  ;
; N/A   ; None         ; 10.700 ns  ; B[2]    ; result[4] ; Code[2]  ;
; N/A   ; None         ; 10.500 ns  ; B[2]    ; result[4] ; Code[0]  ;
; N/A   ; None         ; 10.500 ns  ; B[2]    ; result[4] ; Code[1]  ;
; N/A   ; None         ; 9.500 ns   ; A[0]    ; result[4] ; Code[2]  ;
; N/A   ; None         ; 9.300 ns   ; A[0]    ; result[4] ; Code[0]  ;
; N/A   ; None         ; 9.300 ns   ; A[0]    ; result[4] ; Code[1]  ;
; N/A   ; None         ; 8.700 ns   ; B[0]    ; result[4] ; Code[2]  ;
; N/A   ; None         ; 8.500 ns   ; B[3]    ; result[4] ; Code[2]  ;
; N/A   ; None         ; 8.500 ns   ; B[0]    ; result[4] ; Code[0]  ;
; N/A   ; None         ; 8.500 ns   ; B[0]    ; result[4] ; Code[1]  ;
; N/A   ; None         ; 8.300 ns   ; B[3]    ; result[4] ; Code[0]  ;
; N/A   ; None         ; 8.300 ns   ; B[3]    ; result[4] ; Code[1]  ;
; N/A   ; None         ; 7.000 ns   ; B[1]    ; result[4] ; Code[2]  ;
; N/A   ; None         ; 6.800 ns   ; B[1]    ; result[4] ; Code[0]  ;
; N/A   ; None         ; 6.800 ns   ; B[1]    ; result[4] ; Code[1]  ;
; N/A   ; None         ; 6.700 ns   ; A[1]    ; result[4] ; Code[2]  ;
; N/A   ; None         ; 6.500 ns   ; A[1]    ; result[4] ; Code[0]  ;
; N/A   ; None         ; 6.500 ns   ; A[1]    ; result[4] ; Code[1]  ;
; N/A   ; None         ; 6.000 ns   ; A[3]    ; result[4] ; Code[2]  ;
; N/A   ; None         ; 5.800 ns   ; A[3]    ; result[4] ; Code[0]  ;
; N/A   ; None         ; 5.800 ns   ; A[3]    ; result[4] ; Code[1]  ;
; N/A   ; None         ; 3.800 ns   ; Code[1] ; result[4] ; Code[2]  ;
; N/A   ; None         ; 3.800 ns   ; Code[0] ; result[4] ; Code[2]  ;
; N/A   ; None         ; 3.600 ns   ; Code[1] ; result[4] ; Code[0]  ;
; N/A   ; None         ; 3.600 ns   ; Code[1] ; result[4] ; Code[1]  ;
; N/A   ; None         ; 3.600 ns   ; Code[0] ; result[4] ; Code[0]  ;
; N/A   ; None         ; 3.600 ns   ; Code[0] ; result[4] ; Code[1]  ;
+-------+--------------+------------+---------+-----------+----------+


+-------------------------------------------------------------------+
; tco                                                               ;
+-------+--------------+------------+-----------+------+------------+
; Slack ; Required tco ; Actual tco ; From      ; To   ; From Clock ;
+-------+--------------+------------+-----------+------+------------+
; N/A   ; None         ; 11.300 ns  ; result[4] ; Zero ; Code[0]    ;
; N/A   ; None         ; 11.300 ns  ; result[4] ; Zero ; Code[1]    ;
; N/A   ; None         ; 11.100 ns  ; result[4] ; Zero ; Code[2]    ;
+-------+--------------+------------+-----------+------+------------+


+----------------------------------------------------------------+
; tpd                                                            ;
+-------+-------------------+-----------------+---------+--------+
; Slack ; Required P2P Time ; Actual P2P Time ; From    ; To     ;
+-------+-------------------+-----------------+---------+--------+
; N/A   ; None              ; 20.900 ns       ; A[2]    ; Zero   ;
; N/A   ; None              ; 20.700 ns       ; B[2]    ; Zero   ;
; N/A   ; None              ; 19.500 ns       ; A[0]    ; Zero   ;
; N/A   ; None              ; 18.700 ns       ; B[0]    ; Zero   ;
; N/A   ; None              ; 18.500 ns       ; B[3]    ; Zero   ;
; N/A   ; None              ; 18.000 ns       ; A[2]    ; OUT[1] ;
; N/A   ; None              ; 17.800 ns       ; B[2]    ; OUT[1] ;
; N/A   ; None              ; 17.000 ns       ; B[1]    ; Zero   ;
; N/A   ; None              ; 17.000 ns       ; A[2]    ; OUT[3] ;
; N/A   ; None              ; 16.800 ns       ; B[2]    ; OUT[3] ;
; N/A   ; None              ; 16.700 ns       ; A[1]    ; Zero   ;
; N/A   ; None              ; 16.600 ns       ; A[0]    ; OUT[1] ;
; N/A   ; None              ; 16.300 ns       ; A[2]    ; OUT[2] ;
; N/A   ; None              ; 16.300 ns       ; A[2]    ; OUT[0] ;
; N/A   ; None              ; 16.100 ns       ; B[2]    ; OUT[2] ;
; N/A   ; None              ; 16.100 ns       ; B[2]    ; OUT[0] ;
; N/A   ; None              ; 16.000 ns       ; A[3]    ; Zero   ;
; N/A   ; None              ; 15.800 ns       ; B[0]    ; OUT[1] ;
; N/A   ; None              ; 15.600 ns       ; A[0]    ; OUT[3] ;
; N/A   ; None              ; 15.600 ns       ; B[3]    ; OUT[1] ;
; N/A   ; None              ; 14.900 ns       ; A[0]    ; OUT[2] ;
; N/A   ; None              ; 14.900 ns       ; A[0]    ; OUT[0] ;
; N/A   ; None              ; 14.800 ns       ; B[0]    ; OUT[3] ;
; N/A   ; None              ; 14.600 ns       ; B[3]    ; OUT[3] ;
; N/A   ; None              ; 14.500 ns       ; A[2]    ; Sign   ;
; N/A   ; None              ; 14.300 ns       ; B[2]    ; Sign   ;
; N/A   ; None              ; 14.100 ns       ; B[0]    ; OUT[2] ;
; N/A   ; None              ; 14.100 ns       ; B[1]    ; OUT[1] ;
; N/A   ; None              ; 14.100 ns       ; B[0]    ; OUT[0] ;
; N/A   ; None              ; 13.900 ns       ; B[3]    ; OUT[2] ;
; N/A   ; None              ; 13.900 ns       ; B[3]    ; OUT[0] ;
; N/A   ; None              ; 13.800 ns       ; Code[1] ; Zero   ;
; N/A   ; None              ; 13.800 ns       ; A[1]    ; OUT[1] ;
; N/A   ; None              ; 13.700 ns       ; Code[0] ; Zero   ;
; N/A   ; None              ; 13.100 ns       ; A[0]    ; Sign   ;
; N/A   ; None              ; 13.100 ns       ; B[1]    ; OUT[3] ;
; N/A   ; None              ; 13.100 ns       ; A[3]    ; OUT[1] ;
; N/A   ; None              ; 13.000 ns       ; Code[2] ; Zero   ;
; N/A   ; None              ; 12.800 ns       ; A[1]    ; OUT[3] ;
; N/A   ; None              ; 12.600 ns       ; B[2]    ; Carry  ;
; N/A   ; None              ; 12.600 ns       ; A[2]    ; Carry  ;
; N/A   ; None              ; 12.400 ns       ; B[1]    ; OUT[2] ;
; N/A   ; None              ; 12.400 ns       ; B[1]    ; OUT[0] ;
; N/A   ; None              ; 12.300 ns       ; B[0]    ; Sign   ;
; N/A   ; None              ; 12.200 ns       ; A[0]    ; Carry  ;
; N/A   ; None              ; 12.100 ns       ; B[3]    ; Sign   ;
; N/A   ; None              ; 12.100 ns       ; A[3]    ; OUT[3] ;
; N/A   ; None              ; 12.100 ns       ; A[1]    ; OUT[2] ;
; N/A   ; None              ; 12.100 ns       ; A[1]    ; OUT[0] ;
; N/A   ; None              ; 11.800 ns       ; B[3]    ; Carry  ;
; N/A   ; None              ; 11.500 ns       ; B[0]    ; Carry  ;
; N/A   ; None              ; 11.400 ns       ; A[3]    ; OUT[2] ;
; N/A   ; None              ; 11.400 ns       ; A[3]    ; OUT[0] ;
; N/A   ; None              ; 10.700 ns       ; Code[1] ; OUT[2] ;
; N/A   ; None              ; 10.600 ns       ; B[1]    ; Sign   ;
; N/A   ; None              ; 10.600 ns       ; Code[0] ; OUT[2] ;
; N/A   ; None              ; 10.600 ns       ; Code[0] ; OUT[1] ;
; N/A   ; None              ; 10.600 ns       ; Code[1] ; OUT[1] ;
; N/A   ; None              ; 10.300 ns       ; A[1]    ; Sign   ;
; N/A   ; None              ; 10.200 ns       ; Code[1] ; OUT[0] ;
; N/A   ; None              ; 10.100 ns       ; Code[0] ; OUT[0] ;
; N/A   ; None              ; 9.800 ns        ; Code[0] ; OUT[3] ;
; N/A   ; None              ; 9.800 ns        ; Code[1] ; OUT[3] ;
; N/A   ; None              ; 9.800 ns        ; Code[2] ; OUT[2] ;
; N/A   ; None              ; 9.800 ns        ; Code[2] ; OUT[0] ;
; N/A   ; None              ; 9.600 ns        ; A[3]    ; Sign   ;
; N/A   ; None              ; 9.500 ns        ; A[1]    ; Carry  ;
; N/A   ; None              ; 9.500 ns        ; B[1]    ; Carry  ;
; N/A   ; None              ; 9.300 ns        ; A[3]    ; Carry  ;
; N/A   ; None              ; 7.800 ns        ; Code[2] ; OUT[1] ;
; N/A   ; None              ; 7.600 ns        ; Code[2] ; Sign   ;
; N/A   ; None              ; 7.500 ns        ; Code[1] ; Sign   ;
; N/A   ; None              ; 7.500 ns        ; Code[2] ; Carry  ;
; N/A   ; None              ; 7.500 ns        ; Code[1] ; Carry  ;
; N/A   ; None              ; 7.300 ns        ; Code[0] ; Sign   ;
; N/A   ; None              ; 7.300 ns        ; Code[0] ; Carry  ;
; N/A   ; None              ; 7.000 ns        ; Code[2] ; OUT[3] ;
+-------+-------------------+-----------------+---------+--------+


+--------------------------------------------------------------------------+
; th                                                                       ;
+---------------+-------------+-----------+---------+-----------+----------+
; Minimum Slack ; Required th ; Actual th ; From    ; To        ; To Clock ;
+---------------+-------------+-----------+---------+-----------+----------+
; N/A           ; None        ; -0.200 ns ; Code[1] ; result[4] ; Code[0]  ;
; N/A           ; None        ; -0.200 ns ; Code[1] ; result[4] ; Code[1]  ;
; N/A           ; None        ; -0.200 ns ; Code[0] ; result[4] ; Code[0]  ;
; N/A           ; None        ; -0.200 ns ; Code[0] ; result[4] ; Code[1]  ;
; N/A           ; None        ; -0.400 ns ; Code[1] ; result[4] ; Code[2]  ;
; N/A           ; None        ; -0.400 ns ; Code[0] ; result[4] ; Code[2]  ;
; N/A           ; None        ; -2.000 ns ; A[3]    ; result[4] ; Code[0]  ;
; N/A           ; None        ; -2.000 ns ; A[3]    ; result[4] ; Code[1]  ;
; N/A           ; None        ; -2.200 ns ; A[3]    ; result[4] ; Code[2]  ;
; N/A           ; None        ; -2.200 ns ; B[1]    ; result[4] ; Code[0]  ;
; N/A           ; None        ; -2.200 ns ; B[1]    ; result[4] ; Code[1]  ;
; N/A           ; None        ; -2.200 ns ; A[1]    ; result[4] ; Code[0]  ;
; N/A           ; None        ; -2.200 ns ; A[1]    ; result[4] ; Code[1]  ;
; N/A           ; None        ; -2.400 ns ; B[1]    ; result[4] ; Code[2]  ;
; N/A           ; None        ; -2.400 ns ; A[1]    ; result[4] ; Code[2]  ;
; N/A           ; None        ; -4.200 ns ; B[0]    ; result[4] ; Code[0]  ;
; N/A           ; None        ; -4.200 ns ; B[0]    ; result[4] ; Code[1]  ;
; N/A           ; None        ; -4.400 ns ; B[0]    ; result[4] ; Code[2]  ;
; N/A           ; None        ; -4.500 ns ; B[3]    ; result[4] ; Code[0]  ;
; N/A           ; None        ; -4.500 ns ; B[3]    ; result[4] ; Code[1]  ;
; N/A           ; None        ; -4.700 ns ; B[3]    ; result[4] ; Code[2]  ;
; N/A           ; None        ; -4.900 ns ; A[0]    ; result[4] ; Code[0]  ;
; N/A           ; None        ; -4.900 ns ; A[0]    ; result[4] ; Code[1]  ;
; N/A           ; None        ; -5.100 ns ; A[0]    ; result[4] ; Code[2]  ;
; N/A           ; None        ; -5.300 ns ; A[2]    ; result[4] ; Code[0]  ;
; N/A           ; None        ; -5.300 ns ; A[2]    ; result[4] ; Code[1]  ;
; N/A           ; None        ; -5.300 ns ; B[2]    ; result[4] ; Code[0]  ;
; N/A           ; None        ; -5.300 ns ; B[2]    ; result[4] ; Code[1]  ;
; N/A           ; None        ; -5.500 ns ; A[2]    ; result[4] ; Code[2]  ;
; N/A           ; None        ; -5.500 ns ; B[2]    ; result[4] ; Code[2]  ;
+---------------+-------------+-----------+---------+-----------+----------+


+--------------------------+
; Timing Analyzer Messages ;
+--------------------------+
Info: *******************************************************************
Info: Running Quartus II Classic Timing Analyzer
    Info: Version 8.1 Build 163 10/28/2008 SJ Web Edition
    Info: Processing started: Thu Dec 22 21:12:26 2022
Info: Command: quartus_tan --read_settings_files=off --write_settings_files=off project -c project
Info: Started post-fitting delay annotation
Info: Delay annotation completed successfully
Warning: Timing Analysis is analyzing one or more combinational loops as latches
    Warning: Node "result[4]" is a latch
Warning: Found combinational loop of 4 nodes
    Warning: Node "Mux5~425"
    Warning: Node "Mux5~433"
    Warning: Node "Mux5~426"
    Warning: Node "Mux5~430"
Warning: Found combinational loop of 4 nodes
    Warning: Node "Mux3~132"
    Warning: Node "Mux3~137"
    Warning: Node "Mux3~128"
    Warning: Node "Mux3~129"
Warning: Found combinational loop of 4 nodes
    Warning: Node "Mux2~211"
    Warning: Node "Mux2~209"
    Warning: Node "Mux2~210"
    Warning: Node "Mux2~208"
Warning: Found combinational loop of 4 nodes
    Warning: Node "Mux4~211"
    Warning: Node "Mux4~209"
    Warning: Node "Mux4~210"
    Warning: Node "Mux4~208"
Warning: Found pins functioning as undefined clocks and/or memory enables
    Info: Assuming node "Code[2]" is a latch enable and/or memory write/read enable. Will not compute fmax for this pin.
    Info: Assuming node "Code[0]" is a latch enable and/or memory write/read enable. Will not compute fmax for this pin.
    Info: Assuming node "Code[1]" is a latch enable and/or memory write/read enable. Will not compute fmax for this pin.
Warning: Found 1 node(s) in clock paths which may be acting as ripple and/or gated clocks -- node(s) analyzed as buffer(s) resulting in clock skew
    Info: Detected gated clock "Mux0~25" as buffer
Info: tsu for register "result[4]" (data pin = "A[2]", clock pin = "Code[2]") is 10.900 ns
    Info: + Longest pin to register delay is 12.600 ns
        Info: 1: + IC(0.000 ns) + CELL(2.800 ns) = 2.800 ns; Loc. = PIN_95; Fanout = 9; PIN Node = 'A[2]'
        Info: 2: + IC(1.800 ns) + CELL(1.000 ns) = 5.600 ns; Loc. = LC7_C21; Fanout = 3; COMB Node = 'LessThan0~307'
        Info: 3: + IC(0.800 ns) + CELL(0.700 ns) = 7.100 ns; Loc. = LC2_C33; Fanout = 1; COMB Node = 'LessThan0~316'
        Info: 4: + IC(0.000 ns) + CELL(1.000 ns) = 8.100 ns; Loc. = LC3_C33; Fanout = 8; COMB Node = 'LessThan0~311'
        Info: 5: + IC(0.800 ns) + CELL(0.700 ns) = 9.600 ns; Loc. = LC6_C24; Fanout = 1; COMB Node = 'Mux6~121'
        Info: 6: + IC(0.000 ns) + CELL(1.000 ns) = 10.600 ns; Loc. = LC7_C24; Fanout = 1; COMB Node = 'Mux6~117'
        Info: 7: + IC(0.100 ns) + CELL(0.800 ns) = 11.500 ns; Loc. = LC4_C24; Fanout = 1; COMB Node = 'Mux6~111'
        Info: 8: + IC(0.100 ns) + CELL(1.000 ns) = 12.600 ns; Loc. = LC3_C24; Fanout = 2; REG Node = 'result[4]'
        Info: Total cell delay = 9.000 ns ( 71.43 % )
        Info: Total interconnect delay = 3.600 ns ( 28.57 % )
    Info: + Micro setup delay of destination is 1.900 ns
    Info: - Shortest clock path from clock "Code[2]" to destination register is 3.600 ns
        Info: 1: + IC(0.000 ns) + CELL(1.300 ns) = 1.300 ns; Loc. = PIN_54; Fanout = 14; CLK Node = 'Code[2]'
        Info: 2: + IC(0.600 ns) + CELL(0.800 ns) = 2.700 ns; Loc. = LC5_C24; Fanout = 1; COMB Node = 'Mux0~25'
        Info: 3: + IC(0.100 ns) + CELL(0.800 ns) = 3.600 ns; Loc. = LC3_C24; Fanout = 2; REG Node = 'result[4]'
        Info: Total cell delay = 2.900 ns ( 80.56 % )
        Info: Total interconnect delay = 0.700 ns ( 19.44 % )
Info: tco from clock "Code[0]" to destination pin "Zero" through register "result[4]" is 11.300 ns
    Info: + Longest clock path from clock "Code[0]" to source register is 3.800 ns
        Info: 1: + IC(0.000 ns) + CELL(1.300 ns) = 1.300 ns; Loc. = PIN_126; Fanout = 26; CLK Node = 'Code[0]'
        Info: 2: + IC(0.600 ns) + CELL(1.000 ns) = 2.900 ns; Loc. = LC5_C24; Fanout = 1; COMB Node = 'Mux0~25'
        Info: 3: + IC(0.100 ns) + CELL(0.800 ns) = 3.800 ns; Loc. = LC3_C24; Fanout = 2; REG Node = 'result[4]'
        Info: Total cell delay = 3.100 ns ( 81.58 % )
        Info: Total interconnect delay = 0.700 ns ( 18.42 % )
    Info: + Micro clock to output delay of source is 0.000 ns
    Info: + Longest register to pin delay is 7.500 ns
        Info: 1: + IC(0.000 ns) + CELL(0.000 ns) = 0.000 ns; Loc. = LC3_C24; Fanout = 2; REG Node = 'result[4]'
        Info: 2: + IC(0.700 ns) + CELL(0.800 ns) = 1.500 ns; Loc. = LC2_C26; Fanout = 1; COMB Node = 'Equal0~184'
        Info: 3: + IC(0.100 ns) + CELL(0.700 ns) = 2.300 ns; Loc. = LC7_C26; Fanout = 1; COMB Node = 'Equal0~188'
        Info: 4: + IC(0.000 ns) + CELL(1.000 ns) = 3.300 ns; Loc. = LC8_C26; Fanout = 1; COMB Node = 'Equal0~183'
        Info: 5: + IC(0.400 ns) + CELL(3.800 ns) = 7.500 ns; Loc. = PIN_47; Fanout = 0; PIN Node = 'Zero'
        Info: Total cell delay = 6.300 ns ( 84.00 % )
        Info: Total interconnect delay = 1.200 ns ( 16.00 % )
Info: Longest tpd from source pin "A[2]" to destination pin "Zero" is 20.900 ns
    Info: 1: + IC(0.000 ns) + CELL(2.800 ns) = 2.800 ns; Loc. = PIN_95; Fanout = 9; PIN Node = 'A[2]'
    Info: 2: + IC(1.800 ns) + CELL(1.000 ns) = 5.600 ns; Loc. = LC7_C21; Fanout = 3; COMB Node = 'LessThan0~307'
    Info: 3: + IC(0.800 ns) + CELL(0.700 ns) = 7.100 ns; Loc. = LC2_C33; Fanout = 1; COMB Node = 'LessThan0~316'
    Info: 4: + IC(0.000 ns) + CELL(1.000 ns) = 8.100 ns; Loc. = LC3_C33; Fanout = 8; COMB Node = 'LessThan0~311'
    Info: 5: + IC(0.700 ns) + CELL(0.700 ns) = 9.500 ns; Loc. = LC6_C34; Fanout = 1; COMB Node = 'Mux4~224'
    Info: 6: + IC(0.000 ns) + CELL(1.000 ns) = 10.500 ns; Loc. = LC7_C34; Fanout = 2; COMB Node = 'Mux4~217'
    Info: 7: + IC(0.000 ns) + CELL(2.000 ns) = 12.500 ns; Loc. = LC1_C34; Fanout = 4; COMB LOOP Node = 'Mux4~211'
        Info: Loc. = LC3_C34; Node "Mux4~208"
        Info: Loc. = LC4_C34; Node "Mux4~209"
        Info: Loc. = LC1_C34; Node "Mux4~211"
        Info: Loc. = LC5_C34; Node "Mux4~210"
    Info: 8: + IC(0.800 ns) + CELL(0.600 ns) = 13.900 ns; Loc. = LC1_C26; Fanout = 1; COMB Node = 'Equal0~191'
    Info: 9: + IC(0.000 ns) + CELL(1.000 ns) = 14.900 ns; Loc. = LC2_C26; Fanout = 1; COMB Node = 'Equal0~184'
    Info: 10: + IC(0.100 ns) + CELL(0.700 ns) = 15.700 ns; Loc. = LC7_C26; Fanout = 1; COMB Node = 'Equal0~188'
    Info: 11: + IC(0.000 ns) + CELL(1.000 ns) = 16.700 ns; Loc. = LC8_C26; Fanout = 1; COMB Node = 'Equal0~183'
    Info: 12: + IC(0.400 ns) + CELL(3.800 ns) = 20.900 ns; Loc. = PIN_47; Fanout = 0; PIN Node = 'Zero'
    Info: Total cell delay = 16.300 ns ( 77.99 % )
    Info: Total interconnect delay = 4.600 ns ( 22.01 % )
Info: th for register "result[4]" (data pin = "Code[1]", clock pin = "Code[0]") is -0.200 ns
    Info: + Longest clock path from clock "Code[0]" to destination register is 3.800 ns
        Info: 1: + IC(0.000 ns) + CELL(1.300 ns) = 1.300 ns; Loc. = PIN_126; Fanout = 26; CLK Node = 'Code[0]'
        Info: 2: + IC(0.600 ns) + CELL(1.000 ns) = 2.900 ns; Loc. = LC5_C24; Fanout = 1; COMB Node = 'Mux0~25'
        Info: 3: + IC(0.100 ns) + CELL(0.800 ns) = 3.800 ns; Loc. = LC3_C24; Fanout = 2; REG Node = 'result[4]'
        Info: Total cell delay = 3.100 ns ( 81.58 % )
        Info: Total interconnect delay = 0.700 ns ( 18.42 % )
    Info: + Micro hold delay of destination is 0.000 ns
    Info: - Shortest pin to register delay is 4.000 ns
        Info: 1: + IC(0.000 ns) + CELL(1.300 ns) = 1.300 ns; Loc. = PIN_124; Fanout = 25; CLK Node = 'Code[1]'
        Info: 2: + IC(0.600 ns) + CELL(1.000 ns) = 2.900 ns; Loc. = LC4_C24; Fanout = 1; COMB Node = 'Mux6~111'
        Info: 3: + IC(0.100 ns) + CELL(1.000 ns) = 4.000 ns; Loc. = LC3_C24; Fanout = 2; REG Node = 'result[4]'
        Info: Total cell delay = 3.300 ns ( 82.50 % )
        Info: Total interconnect delay = 0.700 ns ( 17.50 % )
Info: Quartus II Classic Timing Analyzer was successful. 0 errors, 24 warnings
    Info: Peak virtual memory: 191 megabytes
    Info: Processing ended: Thu Dec 22 21:12:26 2022
    Info: Elapsed time: 00:00:00
    Info: Total CPU time (on all processors): 00:00:00


